// Jest Snapshot v1, https://goo.gl/fbAQLP

exports[`TaskAdd should render component with all fields and buttons 1`] = `
Object {
  "asFragment": [Function],
  "baseElement": <body>
    <div>
      <div
        aria-hidden="true"
        aria-labelledby="addTaskLabel"
        class="modal  fade"
        data-testid="addTask"
        id="addTask"
        role="dialog"
        tabindex="-1"
      >
        <div
          class="modal-dialog modal-dialog-centered modal-md"
          role="document"
        >
          <div
            class="modal-content"
          >
            <div
              class="modal-header"
            >
              <h5
                class="modal-title"
                id="addTaskLabel"
              >
                Add task
              </h5>
              <button
                aria-label="Close"
                class="btn-close"
                data-bs-dismiss="modal"
                type="button"
              />
            </div>
            <div
              class="modal-body"
            >
              <div
                class="d-flex flex-column"
              >
                <label
                  for="inputTaskName"
                >
                  Name
                </label>
                <input
                  class="form-control mb-2"
                  id="inputTaskName"
                  placeholder="Input name"
                />
                <label
                  for="inputTaskDesc"
                >
                  Description (optional)
                </label>
                <textarea
                  class="form-control mb-2"
                  id="inputTaskDesc"
                  placeholder="Enter description"
                />
                <div
                  class="mb-1"
                >
                  <label>
                    Users
                  </label>
                  <div
                    class="input-group"
                  >
                    <input
                      class="form-control w-50"
                      data-testid="search-users-input"
                      placeholder="Enter request"
                      type="text"
                    />
                    <button
                      class="btn btn-secondary d-flex align-items-center add-board-behind-canvas"
                      type="button"
                    >
                      <svg
                        class="bi bi-x-lg"
                        fill="currentColor"
                        height="20"
                        viewBox="0 0 16 16"
                        width="20"
                        xmlns="http://www.w3.org/2000/svg"
                      >
                        <path
                          d="M2.146 2.854a.5.5 0 1 1 .708-.708L8 7.293l5.146-5.147a.5.5 0 0 1 .708.708L8.707 8l5.147 5.146a.5.5 0 0 1-.708.708L8 8.707l-5.146 5.147a.5.5 0 0 1-.708-.708L7.293 8z"
                        />
                      </svg>
                    </button>
                  </div>
                </div>
                <button
                  class="btn btn-primary mt-2"
                  data-testid="add-task-btn"
                >
                  Add task
                </button>
              </div>
            </div>
          </div>
        </div>
      </div>
    </div>
  </body>,
  "container": <div>
    <div
      aria-hidden="true"
      aria-labelledby="addTaskLabel"
      class="modal  fade"
      data-testid="addTask"
      id="addTask"
      role="dialog"
      tabindex="-1"
    >
      <div
        class="modal-dialog modal-dialog-centered modal-md"
        role="document"
      >
        <div
          class="modal-content"
        >
          <div
            class="modal-header"
          >
            <h5
              class="modal-title"
              id="addTaskLabel"
            >
              Add task
            </h5>
            <button
              aria-label="Close"
              class="btn-close"
              data-bs-dismiss="modal"
              type="button"
            />
          </div>
          <div
            class="modal-body"
          >
            <div
              class="d-flex flex-column"
            >
              <label
                for="inputTaskName"
              >
                Name
              </label>
              <input
                class="form-control mb-2"
                id="inputTaskName"
                placeholder="Input name"
              />
              <label
                for="inputTaskDesc"
              >
                Description (optional)
              </label>
              <textarea
                class="form-control mb-2"
                id="inputTaskDesc"
                placeholder="Enter description"
              />
              <div
                class="mb-1"
              >
                <label>
                  Users
                </label>
                <div
                  class="input-group"
                >
                  <input
                    class="form-control w-50"
                    data-testid="search-users-input"
                    placeholder="Enter request"
                    type="text"
                  />
                  <button
                    class="btn btn-secondary d-flex align-items-center add-board-behind-canvas"
                    type="button"
                  >
                    <svg
                      class="bi bi-x-lg"
                      fill="currentColor"
                      height="20"
                      viewBox="0 0 16 16"
                      width="20"
                      xmlns="http://www.w3.org/2000/svg"
                    >
                      <path
                        d="M2.146 2.854a.5.5 0 1 1 .708-.708L8 7.293l5.146-5.147a.5.5 0 0 1 .708.708L8.707 8l5.147 5.146a.5.5 0 0 1-.708.708L8 8.707l-5.146 5.147a.5.5 0 0 1-.708-.708L7.293 8z"
                      />
                    </svg>
                  </button>
                </div>
              </div>
              <button
                class="btn btn-primary mt-2"
                data-testid="add-task-btn"
              >
                Add task
              </button>
            </div>
          </div>
        </div>
      </div>
    </div>
  </div>,
  "debug": [Function],
  "findAllByAltText": [Function],
  "findAllByDisplayValue": [Function],
  "findAllByLabelText": [Function],
  "findAllByPlaceholderText": [Function],
  "findAllByRole": [Function],
  "findAllByTestId": [Function],
  "findAllByText": [Function],
  "findAllByTitle": [Function],
  "findByAltText": [Function],
  "findByDisplayValue": [Function],
  "findByLabelText": [Function],
  "findByPlaceholderText": [Function],
  "findByRole": [Function],
  "findByTestId": [Function],
  "findByText": [Function],
  "findByTitle": [Function],
  "getAllByAltText": [Function],
  "getAllByDisplayValue": [Function],
  "getAllByLabelText": [Function],
  "getAllByPlaceholderText": [Function],
  "getAllByRole": [Function],
  "getAllByTestId": [Function],
  "getAllByText": [Function],
  "getAllByTitle": [Function],
  "getByAltText": [Function],
  "getByDisplayValue": [Function],
  "getByLabelText": [Function],
  "getByPlaceholderText": [Function],
  "getByRole": [Function],
  "getByTestId": [Function],
  "getByText": [Function],
  "getByTitle": [Function],
  "queryAllByAltText": [Function],
  "queryAllByDisplayValue": [Function],
  "queryAllByLabelText": [Function],
  "queryAllByPlaceholderText": [Function],
  "queryAllByRole": [Function],
  "queryAllByTestId": [Function],
  "queryAllByText": [Function],
  "queryAllByTitle": [Function],
  "queryByAltText": [Function],
  "queryByDisplayValue": [Function],
  "queryByLabelText": [Function],
  "queryByPlaceholderText": [Function],
  "queryByRole": [Function],
  "queryByTestId": [Function],
  "queryByText": [Function],
  "queryByTitle": [Function],
  "rerender": [Function],
  "unmount": [Function],
}
`;
