// Jest Snapshot v1, https://goo.gl/fbAQLP

exports[`MyBoards should show a list of boards when data is fetched successfully and there are multiple boards 1`] = `
Object {
  "asFragment": [Function],
  "baseElement": <body>
    <div>
      <div
        class="d-flex flex-fill flex-column"
      >
        <h2
          class="text-center p-3"
        >
          My boards
        </h2>
        <div
          class="d-flex flex-column gap-2 my-boards-list"
        >
          <div
            class="spinner-border ms-auto me-auto"
            role="status"
          >
            <span
              class="visually-hidden"
            >
              Loading...
            </span>
          </div>
          <div
            class="d-flex justify-content-between border rounded-2 p-3 w-100 cursor-pointer gap-2"
          >
            <h3
              class="m-0"
            >
              Board1
            </h3>
            <h5
              class="m-0"
            />
          </div>
          <div
            class="d-flex justify-content-between border rounded-2 p-3 w-100 cursor-pointer gap-2"
          >
            <h3
              class="m-0"
            >
              Board2
            </h3>
            <h5
              class="m-0"
            />
          </div>
          <div
            class="d-flex justify-content-between border rounded-2 p-3 w-100 cursor-pointer gap-2"
          >
            <h3
              class="m-0"
            >
              Board3
            </h3>
            <h5
              class="m-0"
            />
          </div>
        </div>
      </div>
    </div>
  </body>,
  "container": <div>
    <div
      class="d-flex flex-fill flex-column"
    >
      <h2
        class="text-center p-3"
      >
        My boards
      </h2>
      <div
        class="d-flex flex-column gap-2 my-boards-list"
      >
        <div
          class="spinner-border ms-auto me-auto"
          role="status"
        >
          <span
            class="visually-hidden"
          >
            Loading...
          </span>
        </div>
        <div
          class="d-flex justify-content-between border rounded-2 p-3 w-100 cursor-pointer gap-2"
        >
          <h3
            class="m-0"
          >
            Board1
          </h3>
          <h5
            class="m-0"
          />
        </div>
        <div
          class="d-flex justify-content-between border rounded-2 p-3 w-100 cursor-pointer gap-2"
        >
          <h3
            class="m-0"
          >
            Board2
          </h3>
          <h5
            class="m-0"
          />
        </div>
        <div
          class="d-flex justify-content-between border rounded-2 p-3 w-100 cursor-pointer gap-2"
        >
          <h3
            class="m-0"
          >
            Board3
          </h3>
          <h5
            class="m-0"
          />
        </div>
      </div>
    </div>
  </div>,
  "debug": [Function],
  "findAllByAltText": [Function],
  "findAllByDisplayValue": [Function],
  "findAllByLabelText": [Function],
  "findAllByPlaceholderText": [Function],
  "findAllByRole": [Function],
  "findAllByTestId": [Function],
  "findAllByText": [Function],
  "findAllByTitle": [Function],
  "findByAltText": [Function],
  "findByDisplayValue": [Function],
  "findByLabelText": [Function],
  "findByPlaceholderText": [Function],
  "findByRole": [Function],
  "findByTestId": [Function],
  "findByText": [Function],
  "findByTitle": [Function],
  "getAllByAltText": [Function],
  "getAllByDisplayValue": [Function],
  "getAllByLabelText": [Function],
  "getAllByPlaceholderText": [Function],
  "getAllByRole": [Function],
  "getAllByTestId": [Function],
  "getAllByText": [Function],
  "getAllByTitle": [Function],
  "getByAltText": [Function],
  "getByDisplayValue": [Function],
  "getByLabelText": [Function],
  "getByPlaceholderText": [Function],
  "getByRole": [Function],
  "getByTestId": [Function],
  "getByText": [Function],
  "getByTitle": [Function],
  "queryAllByAltText": [Function],
  "queryAllByDisplayValue": [Function],
  "queryAllByLabelText": [Function],
  "queryAllByPlaceholderText": [Function],
  "queryAllByRole": [Function],
  "queryAllByTestId": [Function],
  "queryAllByText": [Function],
  "queryAllByTitle": [Function],
  "queryByAltText": [Function],
  "queryByDisplayValue": [Function],
  "queryByLabelText": [Function],
  "queryByPlaceholderText": [Function],
  "queryByRole": [Function],
  "queryByTestId": [Function],
  "queryByText": [Function],
  "queryByTitle": [Function],
  "rerender": [Function],
  "unmount": [Function],
}
`;
